aarch64/intrinsics.pp=aarch64/System.Intrinsics.pp
{s*:aarch64/}=aarch64/
{i+:aarch64/}
amicommon/athreads.pp=namespaced/common/AmigaApi.AThreads.pp
{s*:amicommon/}=amicommon/
{i+:amicommon/}
amicommon/classes.pp=amicommon/System.Classes.pp
amicommon/dos.pp=namespaced/common/TP.DOS.pp
amicommon/lineinfo.pp=amicommon/System.LineInfo.pp
amicommon/sysutils.pp=amicommon/System.SysUtils.pp
android/cwstring.pp=namespaced/android/UnixApi.CWString.pp
{s*:android/}=namespaced/android/
{i+:android/}
{s*:arm/}=arm/
{i+:arm/}
atari/classes.pp=atari/System.Classes.pp
{s*:atari/}=atari/
{i+:atari/}
atari/dos.pp=namespaced/common/TP.DOS.pp
atari/sysutils.pp=atari/System.SysUtils.pp
beos/baseunix.pp=namespaced/common/UnixApi.Base.pp
{s*:beos/}=namespaced/common/
{i+:beos/}
beos/bethreads.pp=namespaced/beos/BeosApi.Threads.bethreads.pp
beos/classes.pp=beos/System.Classes.pp
beos/termio.pp=namespaced/common/UnixApi.TermIO.pp
bsd/bsd.pas=namespaced/bsd/BsdApi.BSD.pas
{s*:bsd/}=namespaced/bsd/
{i+:bsd/}
bsd/sysctl.pp=namespaced/bsd/BsdApi.SysCtl.pp
charmaps/cp1250.pas=namespaced/common/System.CodePages.CP1250.pas
{s*:charmaps/}=charmaps/
{i+:charmaps/}
charmaps/cp1251.pas=namespaced/common/System.CodePages.CP1251.pas
charmaps/cp1252.pas=namespaced/common/System.CodePages.CP1252.pas
charmaps/cp1253.pas=namespaced/common/System.CodePages.CP1253.pas
charmaps/cp1254.pas=namespaced/common/System.CodePages.CP1254.pas
charmaps/cp1255.pas=namespaced/common/System.CodePages.CP1255.pas
charmaps/cp1256.pas=namespaced/common/System.CodePages.CP1256.pas
charmaps/cp1257.pas=namespaced/common/System.CodePages.CP1257.pas
charmaps/cp1258.pas=namespaced/common/System.CodePages.CP1258.pas
charmaps/cp3021.pas=namespaced/common/System.CodePages.CP3021.pas
charmaps/cp437.pas=namespaced/common/System.CodePages.CP437.pas
charmaps/cp646.pas=namespaced/common/System.CodePages.CP646.pas
charmaps/cp737.pas=namespaced/common/System.CodePages.CP737.pas
charmaps/cp775.pas=namespaced/common/System.CodePages.CP775.pas
charmaps/cp850.pas=namespaced/common/System.CodePages.CP850.pas
charmaps/cp852.pas=namespaced/common/System.CodePages.CP852.pas
charmaps/cp855.pas=namespaced/common/System.CodePages.CP855.pas
charmaps/cp856.pas=namespaced/common/System.CodePages.CP856.pas
charmaps/cp857.pas=namespaced/common/System.CodePages.CP857.pas
charmaps/cp860.pas=namespaced/common/System.CodePages.CP860.pas
charmaps/cp861.pas=namespaced/common/System.CodePages.CP861.pas
charmaps/cp862.pas=namespaced/common/System.CodePages.CP862.pas
charmaps/cp863.pas=namespaced/common/System.CodePages.CP863.pas
charmaps/cp864.pas=namespaced/common/System.CodePages.CP864.pas
charmaps/cp865.pas=namespaced/common/System.CodePages.CP865.pas
charmaps/cp866.pas=namespaced/common/System.CodePages.CP866.pas
charmaps/cp869.pas=namespaced/common/System.CodePages.CP869.pas
charmaps/cp874.pas=namespaced/common/System.CodePages.CP874.pas
charmaps/cp8859_1.pas=namespaced/common/System.CodePages.CP8859_1.pas
charmaps/cp8859_10.pas=namespaced/common/System.CodePages.CP8859_10.pas
charmaps/cp8859_11.pas=namespaced/common/System.CodePages.CP8859_11.pas
charmaps/cp8859_13.pas=namespaced/common/System.CodePages.CP8859_13.pas
charmaps/cp8859_14.pas=namespaced/common/System.CodePages.CP8859_14.pas
charmaps/cp8859_15.pas=namespaced/common/System.CodePages.CP8859_15.pas
charmaps/cp8859_16.pas=namespaced/common/System.CodePages.CP8859_16.pas
charmaps/cp8859_2.pas=namespaced/common/System.CodePages.CP8859_2.pas
charmaps/cp8859_3.pas=namespaced/common/System.CodePages.CP8859_3.pas
charmaps/cp8859_4.pas=namespaced/common/System.CodePages.CP8859_4.pas
charmaps/cp8859_5.pas=namespaced/common/System.CodePages.CP8859_5.pas
charmaps/cp8859_6.pas=namespaced/common/System.CodePages.CP8859_6.pas
charmaps/cp8859_7.pas=namespaced/common/System.CodePages.CP8859_7.pas
charmaps/cp8859_8.pas=namespaced/common/System.CodePages.CP8859_8.pas
charmaps/cp8859_9.pas=namespaced/common/System.CodePages.CP8859_9.pas
charmaps/cpall.pas=namespaced/common/System.CodePages.All.pas
charmaps/cpkoi8_r.pas=namespaced/common/System.CodePages.CPkoi8_r.pas
charmaps/cpkoi8_u.pas=namespaced/common/System.CodePages.CPkoi8_u.pas
darwin/console.pp=darwin/Amiga.Core.Console.pp
{s*:darwin/}=namespaced/common/
{i+:darwin/}
darwin/termio.pp=namespaced/common/UnixApi.TermIO.pp
dragonfly/console.pp=dragonfly/Amiga.Core.Console.pp
{s*:dragonfly/}=namespaced/common/
{i+:dragonfly/}
dragonfly/termio.pp=namespaced/common/UnixApi.TermIO.pp
emx/dos.pas=namespaced/common/TP.DOS.pas
{s*:emx/}=emx/
{i+:emx/}
emx/emx.pas=namespaced/emx/DOSApi.EMX.pas
emx/ports.pas=emx/System.Ports.pas
emx/sysemx.pas=emx/DOSApi.sysemx.pas
emx/sysutils.pp=emx/System.SysUtils.pp
freebsd/console.pp=freebsd/Amiga.Core.Console.pp
{s*:freebsd/}=namespaced/common/
{i+:freebsd/}
freebsd/freebsd.pas=namespaced/freebsd/FreeBSDApi.FreeBSD.pas
freebsd/termio.pp=namespaced/common/UnixApi.TermIO.pp
haiku/baseunix.pp=namespaced/common/UnixApi.Base.pp
{s*:haiku/}=namespaced/common/
{i+:haiku/}
haiku/classes.pp=haiku/System.Classes.pp
haiku/termio.pp=namespaced/common/UnixApi.TermIO.pp
human68k/classes.pp=human68k/System.Classes.pp
{s*:human68k/}=human68k/
{i+:human68k/}
human68k/dos.pp=namespaced/common/TP.DOS.pp
human68k/sysutils.pp=human68k/System.SysUtils.pp
i8086/cpu.pp=i8086/System.CPU.pp
{s*:i8086/}=i8086/
{i+:i8086/}
inc/blockrtl.pp=namespaced/common/CApi.BlockRtl.pp
{s*:inc/}=inc/
{i+:inc/}
inc/charset.pp=namespaced/common/System.CharSet.pp
inc/cmem.pp=namespaced/common/System.CMem.pp
inc/ctypes.pp=namespaced/common/System.CTypes.pp
inc/dynlibs.pas=namespaced/common/System.DynLibs.pas
inc/exeinfo.pp=namespaced/common/System.ExeInfo.pp
inc/getopts.pp=namespaced/common/System.GetOpts.pp
inc/lineinfo.pp=namespaced/common/System.LineInfo.pp
inc/lnfodwrf.pp=namespaced/common/System.LineInfo.Dwarf.pp
inc/lstrings.pp=namespaced/common/System.LStrings.pp
inc/nothreads.pp=namespaced/common/System.NoThreads.pp
inc/objc.pp=namespaced/common/System.ObjC.pp
inc/objcbase.pp=namespaced/common/System.ObjCBase.pp
inc/sfpu128.pp=namespaced/common/System.SoftFpu128.pp
inc/sfpux80.pp=namespaced/common/System.SoftFpuX80.pp
inc/softfpu.pp=namespaced/common/System.SoftFPU.pp
inc/sortbase.pp=namespaced/common/System.SortBase.pp
inc/strings.pp=namespaced/common/System.Strings.pp
inc/ufloat128.pp=namespaced/common/System.UFloat128.pp
inc/ufloatx80.pp=namespaced/common/System.UFloatX80.pp
linux/fpcylix.pp=linux/System.FPCylix.pp
{s*:linux/}=namespaced/common/
{i+:linux/}
linux/linux.pp=namespaced/linux/LinuxApi.pp
linux/linuxvcs.pp=namespaced/linux/LinuxApi.Vcs.pp
linux/termio.pp=namespaced/common/UnixApi.TermIO.pp
netbsd/termio.pp=namespaced/common/UnixApi.TermIO.pp
{s*:netbsd/}=namespaced/common/
{i+:netbsd/}
netware/aio.pp=namespaced/netware/NetWareApi.aio.pp
{s*:netware/}=netware/
{i+:netware/}
netware/classes.pp=netware/System.Classes.pp
netware/dos.pp=namespaced/common/TP.DOS.pp
netware/initc.pp=netware/System.InitC.pp
netware/netware.pp=namespaced/netware/NetwareApi.NetWare.pp
netware/nwcalls.pp=namespaced/netware/NetWareApi.nwcalls.pp
netware/nwnit.pp=namespaced/netware/NetWareApi.nwnit.pp
netware/nwpre.pp=namespaced/netware/NetWareApi.nwpre.pp
netware/nwprot.pp=namespaced/netware/NetWareApi.nwprot.pp
netware/nwserv.pp=namespaced/netware/NetWareApi.nwserv.pp
netware/nwsnut.pp=namespaced/netware/NetWareApi.nwsnut.pp
netware/sysutils.pp=netware/System.SysUtils.pp
netwlibc/classes.pp=netwlibc/System.Classes.pp
{s*:netwlibc/}=netwlibc/
{i+:netwlibc/}
netwlibc/dos.pp=namespaced/common/TP.DOS.pp
netwlibc/initc.pp=netwlibc/System.InitC.pp
netwlibc/libc.pp=namespaced/netwlibc/Api.Libc.pp
netwlibc/nwsnut.pp=namespaced/netware/NetWareApi.nwsnut.pp
netwlibc/sysutils.pp=netwlibc/System.SysUtils.pp
objpas/character.pas=namespaced/common/System.Character.pas
{s*:objpas/}=objpas/
{i+:objpas/}
objpas/fgl.pp=namespaced/common/System.FGL.pp
objpas/fpwidestring.pp=namespaced/common/System.FPWideString.pp
objpas/math.pp=namespaced/common/System.Math.pp
objpas/rtlconsts.pp=namespaced/common/System.RtlConsts.pp
objpas/sysconst.pp=namespaced/common/System.SysConst.pp
objpas/types.pp=namespaced/common/System.Types.pp
objpas/typinfo.pp=namespaced/common/System.TypInfo.pp
objpas/unicodedata.pas=namespaced/common/System.CodePages.UnicodeData.pas
openbsd/termio.pp=namespaced/common/UnixApi.TermIO.pp
{s*:openbsd/}=namespaced/common/
{i+:openbsd/}
os2/classes.pp=os2/System.Classes.pp
{s*:os2/}=namespaced/os2/
{i+:os2/}
os2/dos.pas=namespaced/common/TP.DOS.pas
os2/doscall2.pas=namespaced/os2/OS2Api.doscall2.pas
os2/doscalls.pas=namespaced/os2/OS2Api.doscalls.pas
os2/exe.pas=namespaced/os2/OS2Api.exe.pas
os2/kbdcalls.pas=namespaced/os2/OS2Api.kbdcalls.pas
os2/moncalls.pas=namespaced/os2/OS2Api.moncalls.pas
os2/moucalls.pas=namespaced/os2/OS2Api.moucalls.pas
os2/newexe.pas=namespaced/os2/OS2Api.newexe.pas
os2/os2def.pas=namespaced/os2/OS2Api.os2def.pas
os2/pmbidi.pas=namespaced/os2/OS2Api.pmbidi.pas
os2/pmbitmap.pas=namespaced/os2/OS2Api.pmbitmap.pas
os2/pmdev.pas=namespaced/os2/OS2Api.pmdev.pas
os2/pmgpi.pas=namespaced/os2/OS2Api.pmgpi.pas
os2/pmhelp.pas=namespaced/os2/OS2Api.pmhelp.pas
os2/pmshl.pas=namespaced/os2/OS2Api.pmshl.pas
os2/pmspl.pas=namespaced/os2/OS2Api.pmspl.pas
os2/pmstddlg.pas=namespaced/os2/OS2Api.pmstddlg.pas
os2/pmwin.pas=namespaced/os2/OS2Api.pmwin.pas
os2/pmwp.pas=namespaced/os2/OS2Api.pmwp.pas
os2/pmwsock.pas=namespaced/os2/OS2Api.pmwsock.pas
os2/ports.pas=os2/System.Ports.pas
os2/so32dll.pas=namespaced/os2/OS2Api.so32dll.pas
os2/sysos2.pas=os2/OS2Api.sysos2.pas
os2/sysutils.pp=os2/System.SysUtils.pp
os2/viocalls.pas=namespaced/os2/OS2Api.viocalls.pas
qnx/posix.pp=namespaced/qnx/QNXApi.Posix.pp
{s*:qnx/}=namespaced/qnx/
{i+:qnx/}
sinclairql/classes.pp=sinclairql/System.Classes.pp
{s*:sinclairql/}=sinclairql/
{i+:sinclairql/}
sinclairql/sysutils.pp=sinclairql/System.SysUtils.pp
solaris/termio.pp=namespaced/common/UnixApi.TermIO.pp
{s*:solaris/}=namespaced/common/
{i+:solaris/}
unix/baseunix.pp=namespaced/common/UnixApi.Base.pp
{s*:unix/}=unix/
{i+:unix/}
unix/classes.pp=unix/System.Classes.pp
unix/cthreads.pp=namespaced/common/UnixApi.CThreads.pp
unix/cwstring.pp=namespaced/android/UnixApi.CWString.pp
unix/dl.pp=namespaced/common/UnixApi.Dl.pp
unix/dos.pp=namespaced/common/TP.DOS.pp
unix/errors.pp=namespaced/common/UnixApi.Errors.pp
unix/initc.pp=unix/System.InitC.pp
unix/lnfogdb.pp=unix/System.LineInfo.Gdb.pp
unix/ports.pp=unix/System.Ports.pp
unix/syscall.pp=namespaced/common/UnixApi.SysCall.pp
unix/sysutils.pp=unix/System.SysUtils.pp
unix/unix.pp=namespaced/common/UnixApi.Unix.pp
unix/unixcp.pp=namespaced/common/UnixApi.CP.pp
unix/unixtype.pp=namespaced/common/UnixApi.Types.pp
unix/unixutil.pp=namespaced/common/UnixApi.Utils.pp
unix/x86.pp=unix/System.X86.pp
win/dos.pp=namespaced/common/TP.DOS.pp
{s*:win/}=namespaced/windows/
{i+:win/}
win/fpcmemdll.pp=win/System.FPCMemDLL.pp
win/messages.pp=namespaced/windows/WinApi.Messages.pp
win/sharemem.pp=namespaced/windows/WinApi.ShareMem.pp
win/sysutils.pp=win/System.SysUtils.pp
win/windirs.pp=namespaced/windows/WinApi.WinDirs.pp
win64/classes.pp=win64/System.Classes.pp
{s*:win64/}=namespaced/windows/
{i+:win64/}
win64/signals.pp=namespaced/windows/WinApi.Signals.pp
win64/windows.pp=namespaced/windows/WinApi.Windows.pp
x86_64/cpu.pp=x86_64/System.CPU.pp
{s*:x86_64/}=x86_64/
{i+:x86_64/}
x86_64/intrinsics.pp=x86_64/System.Intrinsics.pp
