src/sdf/sdfdata.pp=namespaced/Data.SdfDataset.pp
{s*:src/sdf/}=namespaced/
{i+:src/sdf/}
src/datadict/fpddsqldb.pp=namespaced/Data.Dict.Sqldb.pp
{s*:src/datadict/}=namespaced/
{i+:src/datadict/}
src/datadict/fpdddiff.pp=namespaced/Data.Dict.Diff.pp
src/datadict/fpdatadict.pp=namespaced/Data.Dict.Base.pp
src/datadict/fpdddbf.pp=namespaced/Data.Dict.Dbf.pp
src/datadict/fpddregstd.pp=namespaced/Data.Dict.Regstd.pp
src/json/fpjsondataset.pp=namespaced/Data.JsonDataset.pp
{s*:src/json/}=namespaced/
{i+:src/json/}
src/json/extjsdataset.pp=namespaced/Data.Extjsdataset.pp
src/base/fieldmap.pp=namespaced/Data.FieldMap.pp
{s*:src/base/}=namespaced/
{i+:src/base/}
src/base/csvdataset.pp=namespaced/Data.CsvDataset.pp
src/base/xmldatapacketreader.pp=namespaced/Data.Xml.DataPacketReader.pp
src/base/dbwhtml.pp=namespaced/Data.Dbwhtml.pp
src/base/sqlscript.pp=namespaced/Data.Sql.Script.pp
src/base/dbcoll.pp=namespaced/Data.Collection.pp
src/base/sqltypes.pp=namespaced/Data.Sql.Types.pp
src/base/dbconst.pas=namespaced/Data.Consts.pas
src/base/bufdataset_parser.pp=namespaced/Data.Bufdataset_parser.pp
src/base/db.pas=namespaced/Data.Db.pas
src/base/bufdataset.pas=namespaced/Data.BufDataset.pas
src/sql/fpsqlscanner.pp=namespaced/Data.Sql.Scanner.pp
{s*:src/sql/}=namespaced/
{i+:src/sql/}
src/sql/fpsqlparser.pas=namespaced/Data.Sql.Parser.pas
src/sql/fpsqltree.pp=namespaced/Data.Sql.Tree.pp
src/export/fpsimplejsonexport.pp=namespaced/Data.Export.SimpleJson.pp
{s*:src/export/}=namespaced/
{i+:src/export/}
src/export/fprtfexport.pp=namespaced/Data.Export.Rtf.pp
src/export/fpdbfexport.pp=namespaced/Data.Export.Dbf.pp
src/export/fpfixedexport.pp=namespaced/Data.Export.Fixed.pp
src/export/fpsqlexport.pp=namespaced/Data.Export.Sql.pp
src/export/fptexexport.pp=namespaced/Data.Export.Tex.pp
src/export/fpxmlxsdexport.pp=namespaced/Data.Export.XmlXsd.pp
src/export/fpcsvexport.pp=namespaced/Data.Export.Csv.pp
src/export/fpsimplexmlexport.pp=namespaced/Data.Export.SimpleXml.pp
src/export/fpstdexports.pp=namespaced/Data.Export.RegisterStandard.pp
src/export/fpdbexport.pp=namespaced/Data.Export.Db.pp
{s*:src/sqldb/odbc/}=namespaced/
{i+:src/sqldb/odbc/}
src/sqldb/sqldbpool.pp=namespaced/Data.SqlDb.Pool.pp
{s*:src/sqldb/}=namespaced/
{i+:src/sqldb/}
src/sqldb/sqldb.pp=namespaced/Data.Sqldb.pp
src/sqldb/sqldblib.pp=namespaced/Data.SqlDb.Lib.pp
{s*:src/sqldb/postgres/}=namespaced/
{i+:src/sqldb/postgres/}
{s*:src/sqldb/mssql/}=namespaced/
{i+:src/sqldb/mssql/}
{s*:src/sqldb/interbase/}=namespaced/
{i+:src/sqldb/interbase/}
src/sqldb/sqldbini.pp=namespaced/Data.SqlDb.Ini.pp
src/codegen/fpcgtypesafedataset.pp=namespaced/Data.CodeGen.TypeSafeDataset.pp
{s*:src/codegen/}=namespaced/
{i+:src/codegen/}
src/codegen/fpcgcreatedbf.pp=namespaced/Data.CodeGen.CreateDbf.pp
src/codegen/fpcgfieldmap.pp=namespaced/Data.CodeGen.FieldMap.pp
src/codegen/fpcgdbcoll.pp=namespaced/Data.CodeGen.Collections.pp
src/codegen/fpddpopcode.pp=namespaced/Data.CodeGen.PopulateFields.pp
src/codegen/fpcgsqlconst.pp=namespaced/Data.CodeGen.SqlConst.pp
src/codegen/fpcgtiopf.pp=namespaced/Data.CodeGen.TiOpf.pp
src/codegen/fpddcodegen.pp=namespaced/Data.CodeGen.Base.pp
src/dbase/dbf_prscore.pas=namespaced/Data.Dbf.Prscore.pas
{s*:src/dbase/}=namespaced/
{i+:src/dbase/}
src/dbase/dbf_avl.pas=namespaced/Data.Dbf.Avl.pas
src/dbase/dbf_idxcur.pas=namespaced/Data.Dbf.Idxcur.pas
src/dbase/dbf_str_ita.pas=namespaced/Data.Dbf.Str_ita.pas
src/dbase/dbf_fields.pas=namespaced/Data.Dbf.Fields.pas
src/dbase/dbf_str_pl.pas=namespaced/Data.Dbf.Str_pl.pas
src/dbase/dbf_pgfile.pas=namespaced/Data.Dbf.Pgfile.pas
src/dbase/dbf_dbffile.pas=namespaced/Data.Dbf.Dbffile.pas
src/dbase/dbf_common.pas=namespaced/Data.Dbf.Common.pas
src/dbase/dbf_str.pas=namespaced/Data.Dbf.Str.pas
src/dbase/dbf_wtil.pas=namespaced/Data.Dbf.Wtil.pas
src/dbase/dbf_str_pt.pas=namespaced/Data.Dbf.Str_pt.pas
src/dbase/dbf_prssupp.pas=namespaced/Data.Dbf.Prssupp.pas
src/dbase/dbf_pgcfile.pas=namespaced/Data.Dbf.Pgcfile.pas
src/dbase/dbf_cursor.pas=namespaced/Data.Dbf.Cursor.pas
src/dbase/dbf_str_fr.pas=namespaced/Data.Dbf.Str_fr.pas
src/dbase/dbf_str_ru.pas=namespaced/Data.Dbf.Str_ru.pas
src/dbase/dbf_str_es.pas=namespaced/Data.Dbf.Str_es.pas
src/dbase/dbf_lang.pas=namespaced/Data.Dbf.Lang.pas
src/dbase/dbf.pas=namespaced/Data.Dbf.Dbf.pas
src/dbase/dbf_str_nl.pas=namespaced/Data.Dbf.Str_nl.pas
src/dbase/tdbf_l.pas=namespaced/Data.Dbf.Tdbf_l.pas
src/dbase/dbf_parser.pas=namespaced/Data.Dbf.Parser.pas
src/dbase/dbf_prsdef.pas=namespaced/Data.Dbf.Prsdef.pas
src/dbase/dbf_memo.pas=namespaced/Data.Dbf.Memo.pas
src/dbase/dbf_idxfile.pas=namespaced/Data.Dbf.Idxfile.pas
src/dbase/dbf_collate.pas=namespaced/Data.Dbf.Collate.pas
src/memds/memds.pp=namespaced/Data.MemoryDataset.pp
{s*:src/memds/}=namespaced/
{i+:src/memds/}
